// Jest Snapshot v1, https://goo.gl/fbAQLP

exports[`renders Step3 correctly 1`] = `
<div
  className="p-3 container"
>
  <div
    className="jumbotron"
  >
    <h1
      className="header"
    >
      A simple Questionnaire
    </h1>
    <form
      onSubmit={[Function]}
    >
      <div>
        <label
          htmlFor="page1"
        >
          Page 3 Details:
        </label>
        <br />
        <div
          className="form-group"
        >
          <label
            className="form-label"
          >
            Project Information
          </label>
          <textarea
            className="form-control"
            id="project_information"
            name="project_information"
            rows={3}
          />
        </div>
        <br />
        <div
          className="form-group"
        >
          <label
            className="form-label"
          >
            Project Comments
          </label>
          <textarea
            className="form-control"
            id="project_comments"
            name="project_comments"
            rows={3}
          />
        </div>
        <button
          className="btn btn-primary"
          disabled={false}
          onClick={[Function]}
          type="button"
        >
          Previous
        </button>
         
        <button
          className="btn btn-primary"
          disabled={false}
          type="submit"
        >
          Next
        </button>
      </div>
    </form>
  </div>
  <p>
    JSON data:
  </p>
  <pre>
    {
  "page1": {},
  "page2": {},
  "page3": {},
  "formProgress": 0
}
  </pre>
  <p>
    Form Progress:
  </p>
  <div
    className="progress"
  >
    <div
      aria-valuemax={100}
      aria-valuemin={0}
      aria-valuenow={0}
      className="progress-bar"
      role="progressbar"
      style={
        Object {
          "width": "0%",
        }
      }
    >
      0%
    </div>
  </div>
</div>
`;
