// Jest Snapshot v1, https://goo.gl/fbAQLP

exports[`renders Step2 correctly 1`] = `
<div
  className="p-3 container"
>
  <div
    className="jumbotron"
  >
    <h1
      className="header"
    >
      A simple Questionnaire
    </h1>
    <form
      onSubmit={[Function]}
    >
      <div>
        <label
          htmlFor="page1"
        >
          Page 2 Details:
        </label>
        <br />
        <div
          className="p-3 input-group"
        >
          <div
            className="form-group"
          >
            <label
              className="form-label"
            >
              Funding Sources
            </label>
            <div
              className="form-check"
            >
              <input
                className="form-check-input"
                disabled={false}
                id="vc_funded"
                name="vc_funded"
                type="checkbox"
              />
              <label
                className="form-check-label"
                htmlFor="vc_funded"
                title=""
              >
                VC Funded
              </label>
            </div>
            <div
              className="form-check"
            >
              <input
                className="form-check-input"
                disabled={false}
                id="investment"
                name="investment"
                type="checkbox"
              />
              <label
                className="form-check-label"
                htmlFor="investment"
                title=""
              >
                Investment Available
              </label>
            </div>
          </div>
        </div>
        <div
          className="p-3 input-group"
        >
          <div
            className="form-group"
          >
            <label
              className="form-label"
            >
              Project Type
            </label>
            <div
              className="form-check"
            >
              <input
                className="form-check-input"
                disabled={false}
                id="physical"
                name="physical"
                type="checkbox"
              />
              <label
                className="form-check-label"
                htmlFor="physical"
                title=""
              >
                Physical Project
              </label>
            </div>
            <div
              className="form-check"
            >
              <input
                className="form-check-input"
                disabled={false}
                id="construction"
                name="construction"
                type="checkbox"
              />
              <label
                className="form-check-label"
                htmlFor="construction"
                title=""
              >
                Construction Project
              </label>
            </div>
          </div>
        </div>
        <label
          className="form-label"
        >
          Project Progress %
        </label>
        <div
          className="form-group"
        >
          <input
            className="form-control-range"
            id="project_progress"
            name="project_progress"
            type="range"
          />
        </div>
        <button
          className="btn btn-primary"
          disabled={false}
          onClick={[Function]}
          type="button"
        >
          Previous
        </button>
         
        <button
          className="btn btn-primary"
          disabled={false}
          type="submit"
        >
          Next
        </button>
      </div>
    </form>
  </div>
  <p>
    JSON data:
  </p>
  <pre>
    {
  "page1": {},
  "page2": {},
  "page3": {},
  "formProgress": 0
}
  </pre>
  <p>
    Form Progress:
  </p>
  <div
    className="progress"
  >
    <div
      aria-valuemax={100}
      aria-valuemin={0}
      aria-valuenow={0}
      className="progress-bar"
      role="progressbar"
      style={
        Object {
          "width": "0%",
        }
      }
    >
      0%
    </div>
  </div>
</div>
`;
