// Jest Snapshot v1, https://goo.gl/fbAQLP

exports[`renders Step1 correctly 1`] = `
<div
  className="p-3 container"
>
  <div
    className="jumbotron"
  >
    <h1
      className="header"
    >
      A simple Questionnaire
    </h1>
    <form
      onSubmit={[Function]}
    >
      <div>
        <label
          htmlFor="page1"
        >
          Page 1 Details:
        </label>
        <br />
        <div
          className="p-3 input-group"
        >
          <div
            className="input-group-prepend"
          >
            <span
              className="input-group-text"
              id="inputGroup-sizing-default"
            >
              Project Name
            </span>
          </div>
          <input
            className="form-control"
            id="project_name"
            name="project_name"
            placeholder="Enter Project Name"
            type="text"
          />
        </div>
        <div
          className="p-3 input-group"
        >
          <div
            className="input-group-prepend"
          >
            <span
              className="input-group-text"
              id="inputGroup-sizing-default"
            >
              Site Address
            </span>
          </div>
          <input
            className="form-control"
            id="site_address"
            name="site_address"
            placeholder="Enter Site Address"
            type="text"
          />
        </div>
        <div
          className="p-3 input-group"
        >
          <div
            className="input-group-prepend"
          >
            <span
              className="input-group-text"
              id="inputGroup-sizing-default"
            >
              User Details
            </span>
          </div>
          <input
            className="form-control"
            id="user_details"
            name="user_details"
            placeholder="Enter User Details (like Name)"
            type="text"
          />
        </div>
        <br />
        <br />
        <button
          className="btn btn-primary"
          disabled={false}
          type="submit"
        >
          Next
        </button>
      </div>
    </form>
  </div>
  <p>
    JSON data:
  </p>
  <pre>
    {
  "page1": {},
  "page2": {},
  "page3": {},
  "formProgress": 0
}
  </pre>
  <p>
    Form Progress:
  </p>
  <div
    className="progress"
  >
    <div
      aria-valuemax={100}
      aria-valuemin={0}
      aria-valuenow={0}
      className="progress-bar"
      role="progressbar"
      style={
        Object {
          "width": "0%",
        }
      }
    >
      0%
    </div>
  </div>
</div>
`;
