// Jest Snapshot v1, https://goo.gl/fbAQLP

exports[`renders Step4 correctly 1`] = `
<div
  className="p-3 container"
>
  <div
    className="jumbotron"
  >
    <h1
      className="header"
    >
      Result Page
    </h1>
    <p>
      JSON data:
    </p>
    <pre>
      {
  "page1": {},
  "page2": {},
  "page3": {},
  "formProgress": 0
}
    </pre>
    <p>
      Form Progress:
    </p>
    <div
      className="progress"
    >
      <div
        aria-valuemax={100}
        aria-valuemin={0}
        aria-valuenow={0}
        className="progress-bar"
        role="progressbar"
        style={
          Object {
            "width": "0%",
          }
        }
      >
        0%
      </div>
    </div>
    <br />
    <a
      href="/"
      onClick={[Function]}
    >
      Start Over
    </a>
    <br />
    <button
      className="btn btn-danger"
      disabled={false}
      onClick={[Function]}
      type="button"
    >
      Reset
    </button>
  </div>
</div>
`;
